<html>
<body>
<pre>
<h1>µVision Build Log</h1>
<h2>Project:</h2>
E:\graduation project crap\accelerometer\accelrometer.uvproj
Project File Date:  02/09/2017

<h2>Output:</h2>
Rebuild target 'Target 1'
assembling Startup.s...
compiling main.c...
linking...
Program Size: Code=5500 RO-data=32 RW-data=52 ZI-data=1124  
".\accelrometer.axf" - 0 Error(s), 0 Warning(s).
1 warning, 0 errors
linking...
Program Size: Code=5500 RO-data=32 RW-data=52 ZI-data=1124  
".\accelrometer.axf" - 0 Error(s), 1 Warning(s).
I-data=1124  
".\accelrometer.axf" - 0 Error(s), 2 Warning(s).
arnings, 0 errors
linking...
Program Size: Code=5420 RO-data=32 RW-data=52 ZI-data=1124  
".\accelrometer.axf" - 0 Error(s), 3 Warning(s).
