ARM Linker, 5.03 [Build 76] [MDK-ARM Lite]

==============================================================================

Section Cross References

    startup.o(STACK) refers (Special) to heapauxi.o(.text) for __use_two_region_memory
    startup.o(HEAP) refers (Special) to heapauxi.o(.text) for __use_two_region_memory
    startup.o(RESET) refers (Special) to heapauxi.o(.text) for __use_two_region_memory
    startup.o(RESET) refers to startup.o(STACK) for StackMem
    startup.o(RESET) refers to __main.o(!!!main) for __main
    startup.o(.text) refers (Special) to heapauxi.o(.text) for __use_two_region_memory
    startup.o(.text) refers to startup.o(HEAP) for HeapMem
    startup.o(.text) refers to startup.o(STACK) for StackMem
    main.o(.text) refers to dflt_clz.o(x$fpl$dflt) for __aeabi_i2d
    main.o(.text) refers to dmul.o(x$fpl$dmul) for __aeabi_dmul
    main.o(.text) refers to d2f.o(x$fpl$d2f) for __aeabi_d2f
    main.o(.text) refers to main.o(.data) for RawX_Axis1
    main.o(.text) refers to daddsub_clz.o(x$fpl$dadd) for __aeabi_dadd
    main.o(.text) refers to fmul.o(x$fpl$fmul) for __aeabi_fmul
    main.o(.text) refers to faddsub_clz.o(x$fpl$fadd) for __aeabi_fadd
    main.o(.text) refers to f2d.o(x$fpl$f2d) for __aeabi_f2d
    main.o(.text) refers to sqrt.o(i.sqrt) for sqrt
    main.o(.text) refers to dfix.o(x$fpl$dfix) for __aeabi_d2iz
    __main.o(!!!main) refers to rtentry.o(.ARM.Collect$$rtentry$$00000000) for __rt_entry
    d2f.o(x$fpl$d2f) refers (Special) to usenofp.o(x$fpl$usenofp) for __I$use$fp
    d2f.o(x$fpl$d2f) refers to fretinf.o(x$fpl$fretinf) for __fpl_fretinf
    d2f.o(x$fpl$d2f) refers to dnaninf.o(x$fpl$dnaninf) for __fpl_dnaninf
    daddsub_clz.o(x$fpl$dadd) refers (Special) to usenofp.o(x$fpl$usenofp) for __I$use$fp
    daddsub_clz.o(x$fpl$dadd) refers to daddsub_clz.o(x$fpl$dsub) for _dsub1
    daddsub_clz.o(x$fpl$dadd) refers to dretinf.o(x$fpl$dretinf) for __fpl_dretinf
    daddsub_clz.o(x$fpl$dadd) refers to dnaninf.o(x$fpl$dnaninf) for __fpl_dnaninf
    daddsub_clz.o(x$fpl$drsb) refers (Special) to usenofp.o(x$fpl$usenofp) for __I$use$fp
    daddsub_clz.o(x$fpl$drsb) refers to daddsub_clz.o(x$fpl$dadd) for _dadd1
    daddsub_clz.o(x$fpl$drsb) refers to daddsub_clz.o(x$fpl$dsub) for _dsub1
    daddsub_clz.o(x$fpl$dsub) refers (Special) to usenofp.o(x$fpl$usenofp) for __I$use$fp
    daddsub_clz.o(x$fpl$dsub) refers to daddsub_clz.o(x$fpl$dadd) for _dadd1
    daddsub_clz.o(x$fpl$dsub) refers to dnaninf.o(x$fpl$dnaninf) for __fpl_dnaninf
    dfix.o(x$fpl$dfix) refers (Special) to usenofp.o(x$fpl$usenofp) for __I$use$fp
    dfix.o(x$fpl$dfix) refers to dnaninf.o(x$fpl$dnaninf) for __fpl_dnaninf
    dfix.o(x$fpl$dfixr) refers (Special) to usenofp.o(x$fpl$usenofp) for __I$use$fp
    dfix.o(x$fpl$dfixr) refers to dnaninf.o(x$fpl$dnaninf) for __fpl_dnaninf
    dflt_clz.o(x$fpl$dfltu) refers (Special) to usenofp.o(x$fpl$usenofp) for __I$use$fp
    dflt_clz.o(x$fpl$dflt) refers (Special) to usenofp.o(x$fpl$usenofp) for __I$use$fp
    dflt_clz.o(x$fpl$dfltn) refers (Special) to usenofp.o(x$fpl$usenofp) for __I$use$fp
    dmul.o(x$fpl$dmul) refers (Special) to usenofp.o(x$fpl$usenofp) for __I$use$fp
    dmul.o(x$fpl$dmul) refers to dretinf.o(x$fpl$dretinf) for __fpl_dretinf
    dmul.o(x$fpl$dmul) refers to dnaninf.o(x$fpl$dnaninf) for __fpl_dnaninf
    f2d.o(x$fpl$f2d) refers (Special) to usenofp.o(x$fpl$usenofp) for __I$use$fp
    f2d.o(x$fpl$f2d) refers to fnaninf.o(x$fpl$fnaninf) for __fpl_fnaninf
    f2d.o(x$fpl$f2d) refers to dretinf.o(x$fpl$dretinf) for __fpl_dretinf
    faddsub_clz.o(x$fpl$fadd) refers (Special) to usenofp.o(x$fpl$usenofp) for __I$use$fp
    faddsub_clz.o(x$fpl$fadd) refers to faddsub_clz.o(x$fpl$fsub) for _fsub1
    faddsub_clz.o(x$fpl$fadd) refers to fretinf.o(x$fpl$fretinf) for __fpl_fretinf
    faddsub_clz.o(x$fpl$fadd) refers to fnaninf.o(x$fpl$fnaninf) for __fpl_fnaninf
    faddsub_clz.o(x$fpl$frsb) refers (Special) to usenofp.o(x$fpl$usenofp) for __I$use$fp
    faddsub_clz.o(x$fpl$frsb) refers to faddsub_clz.o(x$fpl$fadd) for _fadd1
    faddsub_clz.o(x$fpl$frsb) refers to faddsub_clz.o(x$fpl$fsub) for _fsub1
    faddsub_clz.o(x$fpl$fsub) refers (Special) to usenofp.o(x$fpl$usenofp) for __I$use$fp
    faddsub_clz.o(x$fpl$fsub) refers to faddsub_clz.o(x$fpl$fadd) for _fadd1
    faddsub_clz.o(x$fpl$fsub) refers to fnaninf.o(x$fpl$fnaninf) for __fpl_fnaninf
    fmul.o(x$fpl$fmul) refers (Special) to usenofp.o(x$fpl$usenofp) for __I$use$fp
    fmul.o(x$fpl$fmul) refers to fretinf.o(x$fpl$fretinf) for __fpl_fretinf
    fmul.o(x$fpl$fmul) refers to fnaninf.o(x$fpl$fnaninf) for __fpl_fnaninf
    sqrt.o(i.__softfp_sqrt) refers (Special) to usenofp.o(x$fpl$usenofp) for __I$use$fp
    sqrt.o(i.__softfp_sqrt) refers to dsqrt_umaal.o(x$fpl$dsqrt) for _dsqrt
    sqrt.o(i.__softfp_sqrt) refers to _rserrno.o(.text) for __set_errno
    sqrt.o(i.sqrt) refers (Special) to usenofp.o(x$fpl$usenofp) for __I$use$fp
    sqrt.o(i.sqrt) refers to dsqrt_umaal.o(x$fpl$dsqrt) for _dsqrt
    sqrt.o(i.sqrt) refers to _rserrno.o(.text) for __set_errno
    sqrt_x.o(i.____softfp_sqrt$lsc) refers (Special) to usenofp.o(x$fpl$usenofp) for __I$use$fp
    sqrt_x.o(i.____softfp_sqrt$lsc) refers to dleqf.o(x$fpl$dleqf) for __aeabi_cdcmple
    sqrt_x.o(i.____softfp_sqrt$lsc) refers to _rserrno.o(.text) for __set_errno
    sqrt_x.o(i.____softfp_sqrt$lsc) refers to dsqrt_umaal.o(x$fpl$dsqrt) for _dsqrt
    sqrt_x.o(i.__sqrt$lsc) refers (Special) to usenofp.o(x$fpl$usenofp) for __I$use$fp
    sqrt_x.o(i.__sqrt$lsc) refers to dleqf.o(x$fpl$dleqf) for __aeabi_cdcmple
    sqrt_x.o(i.__sqrt$lsc) refers to _rserrno.o(.text) for __set_errno
    sqrt_x.o(i.__sqrt$lsc) refers to dsqrt_umaal.o(x$fpl$dsqrt) for _dsqrt
    rtentry.o(.ARM.Collect$$rtentry$$00000000) refers (Special) to rtentry2.o(.ARM.Collect$$rtentry$$0000000A) for __rt_entry_li
    rtentry.o(.ARM.Collect$$rtentry$$00000000) refers (Special) to rtentry2.o(.ARM.Collect$$rtentry$$0000000D) for __rt_entry_main
    rtentry.o(.ARM.Collect$$rtentry$$00000000) refers (Special) to rtentry2.o(.ARM.Collect$$rtentry$$0000000C) for __rt_entry_postli_1
    rtentry.o(.ARM.Collect$$rtentry$$00000000) refers (Special) to rtentry2.o(.ARM.Collect$$rtentry$$00000009) for __rt_entry_postsh_1
    rtentry.o(.ARM.Collect$$rtentry$$00000000) refers (Special) to rtentry2.o(.ARM.Collect$$rtentry$$00000002) for __rt_entry_presh_1
    rtentry.o(.ARM.Collect$$rtentry$$00000000) refers (Special) to rtentry4.o(.ARM.Collect$$rtentry$$00000004) for __rt_entry_sh
    _rserrno.o(.text) refers to rt_errno_addr_intlibspace.o(.text) for __aeabi_errno_addr
    dleqf.o(x$fpl$dleqf) refers (Special) to usenofp.o(x$fpl$usenofp) for __I$use$fp
    dleqf.o(x$fpl$dleqf) refers to dnaninf.o(x$fpl$dnaninf) for __fpl_dnaninf
    dleqf.o(x$fpl$dleqf) refers to dcmpi.o(x$fpl$dcmpinf) for __fpl_dcmp_Inf
    dnaninf.o(x$fpl$dnaninf) refers (Special) to usenofp.o(x$fpl$usenofp) for __I$use$fp
    dretinf.o(x$fpl$dretinf) refers (Special) to usenofp.o(x$fpl$usenofp) for __I$use$fp
    dsqrt_umaal.o(x$fpl$dsqrt) refers (Special) to usenofp.o(x$fpl$usenofp) for __I$use$fp
    dsqrt_umaal.o(x$fpl$dsqrt) refers to dnaninf.o(x$fpl$dnaninf) for __fpl_dnaninf
    fnaninf.o(x$fpl$fnaninf) refers (Special) to usenofp.o(x$fpl$usenofp) for __I$use$fp
    fretinf.o(x$fpl$fretinf) refers (Special) to usenofp.o(x$fpl$usenofp) for __I$use$fp
    rtentry2.o(.ARM.Collect$$rtentry$$00000008) refers to boardinit2.o(.text) for _platform_post_stackheap_init
    rtentry2.o(.ARM.Collect$$rtentry$$0000000A) refers to libinit.o(.ARM.Collect$$libinit$$00000000) for __rt_lib_init
    rtentry2.o(.ARM.Collect$$rtentry$$0000000B) refers to boardinit3.o(.text) for _platform_post_lib_init
    rtentry2.o(.ARM.Collect$$rtentry$$0000000D) refers to main.o(.text) for main
    rtentry2.o(.ARM.Collect$$rtentry$$0000000D) refers to exit.o(.text) for exit
    rtentry2.o(.ARM.exidx) refers to rtentry2.o(.ARM.Collect$$rtentry$$00000001) for .ARM.Collect$$rtentry$$00000001
    rtentry2.o(.ARM.exidx) refers to rtentry2.o(.ARM.Collect$$rtentry$$00000008) for .ARM.Collect$$rtentry$$00000008
    rtentry2.o(.ARM.exidx) refers to rtentry2.o(.ARM.Collect$$rtentry$$0000000A) for .ARM.Collect$$rtentry$$0000000A
    rtentry2.o(.ARM.exidx) refers to rtentry2.o(.ARM.Collect$$rtentry$$0000000B) for .ARM.Collect$$rtentry$$0000000B
    rtentry2.o(.ARM.exidx) refers to rtentry2.o(.ARM.Collect$$rtentry$$0000000D) for .ARM.Collect$$rtentry$$0000000D
    rtentry4.o(.ARM.Collect$$rtentry$$00000004) refers to sys_stackheap_outer.o(.text) for __user_setup_stackheap
    rtentry4.o(.ARM.exidx) refers to rtentry4.o(.ARM.Collect$$rtentry$$00000004) for .ARM.Collect$$rtentry$$00000004
    rt_errno_addr.o(.text) refers to rt_errno_addr.o(.bss) for __aeabi_errno_addr_data
    rt_errno_addr_intlibspace.o(.text) refers to libspace.o(.bss) for __libspace_start
    dcmpi.o(x$fpl$dcmpinf) refers (Special) to usenofp.o(x$fpl$usenofp) for __I$use$fp
    libspace.o(.text) refers to libspace.o(.bss) for __libspace_start
    sys_stackheap_outer.o(.text) refers to libspace.o(.text) for __user_perproc_libspace
    sys_stackheap_outer.o(.text) refers to startup.o(.text) for __user_initial_stackheap
    exit.o(.text) refers to rtexit.o(.ARM.Collect$$rtexit$$00000000) for __rt_exit
    libinit.o(.ARM.Collect$$libinit$$00000000) refers (Special) to libinit2.o(.ARM.Collect$$libinit$$0000002C) for __rt_lib_init_alloca_1
    libinit.o(.ARM.Collect$$libinit$$00000000) refers (Special) to libinit2.o(.ARM.Collect$$libinit$$0000002A) for __rt_lib_init_argv_1
    libinit.o(.ARM.Collect$$libinit$$00000000) refers (Special) to libinit2.o(.ARM.Collect$$libinit$$00000019) for __rt_lib_init_atexit_1
    libinit.o(.ARM.Collect$$libinit$$00000000) refers (Special) to libinit2.o(.ARM.Collect$$libinit$$0000001F) for __rt_lib_init_clock_1
    libinit.o(.ARM.Collect$$libinit$$00000000) refers (Special) to libinit2.o(.ARM.Collect$$libinit$$00000030) for __rt_lib_init_cpp_1
    libinit.o(.ARM.Collect$$libinit$$00000000) refers (Special) to libinit2.o(.ARM.Collect$$libinit$$0000002E) for __rt_lib_init_exceptions_1
    libinit.o(.ARM.Collect$$libinit$$00000000) refers (Special) to libinit2.o(.ARM.Collect$$libinit$$00000002) for __rt_lib_init_fp_1
    libinit.o(.ARM.Collect$$libinit$$00000000) refers (Special) to libinit2.o(.ARM.Collect$$libinit$$0000001D) for __rt_lib_init_fp_trap_1
    libinit.o(.ARM.Collect$$libinit$$00000000) refers (Special) to libinit2.o(.ARM.Collect$$libinit$$00000021) for __rt_lib_init_getenv_1
    libinit.o(.ARM.Collect$$libinit$$00000000) refers (Special) to libinit2.o(.ARM.Collect$$libinit$$00000008) for __rt_lib_init_heap_1
    libinit.o(.ARM.Collect$$libinit$$00000000) refers (Special) to libinit2.o(.ARM.Collect$$libinit$$0000000F) for __rt_lib_init_lc_collate_1
    libinit.o(.ARM.Collect$$libinit$$00000000) refers (Special) to libinit2.o(.ARM.Collect$$libinit$$00000011) for __rt_lib_init_lc_ctype_1
    libinit.o(.ARM.Collect$$libinit$$00000000) refers (Special) to libinit2.o(.ARM.Collect$$libinit$$00000013) for __rt_lib_init_lc_monetary_1
    libinit.o(.ARM.Collect$$libinit$$00000000) refers (Special) to libinit2.o(.ARM.Collect$$libinit$$00000015) for __rt_lib_init_lc_numeric_1
    libinit.o(.ARM.Collect$$libinit$$00000000) refers (Special) to libinit2.o(.ARM.Collect$$libinit$$00000017) for __rt_lib_init_lc_time_1
    libinit.o(.ARM.Collect$$libinit$$00000000) refers (Special) to libinit2.o(.ARM.Collect$$libinit$$0000000C) for __rt_lib_init_rand_1
    libinit.o(.ARM.Collect$$libinit$$00000000) refers (Special) to libinit2.o(.ARM.Collect$$libinit$$00000031) for __rt_lib_init_return
    libinit.o(.ARM.Collect$$libinit$$00000000) refers (Special) to libinit2.o(.ARM.Collect$$libinit$$0000001B) for __rt_lib_init_signal_1
    libinit.o(.ARM.Collect$$libinit$$00000000) refers (Special) to libinit2.o(.ARM.Collect$$libinit$$00000023) for __rt_lib_init_stdio_1
    libinit.o(.ARM.Collect$$libinit$$00000000) refers (Special) to libinit2.o(.ARM.Collect$$libinit$$0000000A) for __rt_lib_init_user_alloc_1
    rtexit.o(.ARM.Collect$$rtexit$$00000000) refers (Special) to rtexit2.o(.ARM.Collect$$rtexit$$00000004) for __rt_exit_exit
    rtexit.o(.ARM.Collect$$rtexit$$00000000) refers (Special) to rtexit2.o(.ARM.Collect$$rtexit$$00000003) for __rt_exit_ls
    rtexit.o(.ARM.Collect$$rtexit$$00000000) refers (Special) to rtexit2.o(.ARM.Collect$$rtexit$$00000002) for __rt_exit_prels_1
    rtexit.o(.ARM.exidx) refers (Special) to rtexit2.o(.ARM.Collect$$rtexit$$00000004) for __rt_exit_exit
    rtexit.o(.ARM.exidx) refers (Special) to rtexit2.o(.ARM.Collect$$rtexit$$00000003) for __rt_exit_ls
    rtexit.o(.ARM.exidx) refers (Special) to rtexit2.o(.ARM.Collect$$rtexit$$00000002) for __rt_exit_prels_1
    rtexit.o(.ARM.exidx) refers to rtexit.o(.ARM.Collect$$rtexit$$00000000) for .ARM.Collect$$rtexit$$00000000
    libinit2.o(.ARM.Collect$$libinit$$0000000E) refers to libinit2.o(.ARM.Collect$$libinit$$0000000D) for .ARM.Collect$$libinit$$0000000D
    libinit2.o(.ARM.Collect$$libinit$$00000010) refers to libinit2.o(.ARM.Collect$$libinit$$0000000D) for .ARM.Collect$$libinit$$0000000D
    libinit2.o(.ARM.Collect$$libinit$$00000012) refers to libinit2.o(.ARM.Collect$$libinit$$0000000D) for .ARM.Collect$$libinit$$0000000D
    libinit2.o(.ARM.Collect$$libinit$$00000014) refers to libinit2.o(.ARM.Collect$$libinit$$0000000D) for .ARM.Collect$$libinit$$0000000D
    libinit2.o(.ARM.Collect$$libinit$$00000016) refers to libinit2.o(.ARM.Collect$$libinit$$0000000D) for .ARM.Collect$$libinit$$0000000D
    libinit2.o(.ARM.Collect$$libinit$$00000024) refers to argv_veneer.o(.emb_text) for __ARM_argv_veneer
    libinit2.o(.ARM.Collect$$libinit$$00000025) refers to argv_veneer.o(.emb_text) for __ARM_argv_veneer
    rtexit2.o(.ARM.Collect$$rtexit$$00000003) refers to libshutdown.o(.ARM.Collect$$libshutdown$$00000000) for __rt_lib_shutdown
    rtexit2.o(.ARM.Collect$$rtexit$$00000004) refers to sys_exit.o(.text) for _sys_exit
    rtexit2.o(.ARM.exidx) refers to rtexit2.o(.ARM.Collect$$rtexit$$00000001) for .ARM.Collect$$rtexit$$00000001
    rtexit2.o(.ARM.exidx) refers to rtexit2.o(.ARM.Collect$$rtexit$$00000003) for .ARM.Collect$$rtexit$$00000003
    rtexit2.o(.ARM.exidx) refers to rtexit2.o(.ARM.Collect$$rtexit$$00000004) for .ARM.Collect$$rtexit$$00000004
    argv_veneer.o(.emb_text) refers to no_argv.o(.text) for __ARM_get_argv
    sys_exit.o(.text) refers (Special) to use_no_semi.o(.text) for __I$use$semihosting
    sys_exit.o(.text) refers (Special) to indicate_semi.o(.text) for __semihosting_library_function
    _get_argv_nomalloc.o(.text) refers (Special) to hrguard.o(.text) for __heap_region$guard
    _get_argv_nomalloc.o(.text) refers to defsig_rtmem_outer.o(.text) for __rt_SIGRTMEM
    _get_argv_nomalloc.o(.text) refers to sys_command.o(.text) for _sys_command_string
    libshutdown.o(.ARM.Collect$$libshutdown$$00000000) refers (Special) to libshutdown2.o(.ARM.Collect$$libshutdown$$00000006) for __rt_lib_shutdown_fp_trap_1
    libshutdown.o(.ARM.Collect$$libshutdown$$00000000) refers (Special) to libshutdown2.o(.ARM.Collect$$libshutdown$$0000000E) for __rt_lib_shutdown_heap_1
    libshutdown.o(.ARM.Collect$$libshutdown$$00000000) refers (Special) to libshutdown2.o(.ARM.Collect$$libshutdown$$0000000F) for __rt_lib_shutdown_return
    libshutdown.o(.ARM.Collect$$libshutdown$$00000000) refers (Special) to libshutdown2.o(.ARM.Collect$$libshutdown$$00000009) for __rt_lib_shutdown_signal_1
    libshutdown.o(.ARM.Collect$$libshutdown$$00000000) refers (Special) to libshutdown2.o(.ARM.Collect$$libshutdown$$00000003) for __rt_lib_shutdown_stdio_1
    libshutdown.o(.ARM.Collect$$libshutdown$$00000000) refers (Special) to libshutdown2.o(.ARM.Collect$$libshutdown$$0000000B) for __rt_lib_shutdown_user_alloc_1
    sys_command.o(.text) refers (Special) to use_no_semi.o(.text) for __I$use$semihosting
    sys_command.o(.text) refers (Special) to indicate_semi.o(.text) for __semihosting_library_function
    defsig_rtmem_outer.o(.text) refers to defsig_rtmem_inner.o(.text) for __rt_SIGRTMEM_inner
    defsig_rtmem_outer.o(.text) refers to defsig_exit.o(.text) for __sig_exit
    defsig_rtmem_formal.o(.text) refers to rt_raise.o(.text) for __rt_raise
    rt_raise.o(.text) refers to __raise.o(.text) for __raise
    rt_raise.o(.text) refers to sys_exit.o(.text) for _sys_exit
    defsig_exit.o(.text) refers to sys_exit.o(.text) for _sys_exit
    defsig_rtmem_inner.o(.text) refers to defsig_general.o(.text) for __default_signal_display
    __raise.o(.text) refers to defsig.o(CL$$defsig) for __default_signal_handler
    defsig_general.o(.text) refers to sys_wrch.o(.text) for _ttywrch
    sys_wrch.o(.text) refers (Special) to use_no_semi.o(.text) for __I$use$semihosting
    sys_wrch.o(.text) refers (Special) to indicate_semi.o(.text) for __semihosting_library_function
    defsig.o(CL$$defsig) refers to defsig_rtmem_inner.o(.text) for __rt_SIGRTMEM_inner
    defsig_abrt_inner.o(.text) refers to defsig_general.o(.text) for __default_signal_display
    defsig_fpe_inner.o(.text) refers to defsig_general.o(.text) for __default_signal_display
    defsig_rtred_inner.o(.text) refers to defsig_general.o(.text) for __default_signal_display
    defsig_stak_inner.o(.text) refers to defsig_general.o(.text) for __default_signal_display
    defsig_pvfn_inner.o(.text) refers to defsig_general.o(.text) for __default_signal_display
    defsig_cppl_inner.o(.text) refers to defsig_general.o(.text) for __default_signal_display
    defsig_segv_inner.o(.text) refers to defsig_general.o(.text) for __default_signal_display
    defsig_other.o(.text) refers to defsig_general.o(.text) for __default_signal_display


==============================================================================

Image Symbol Table

    Local Symbols

    Symbol Name                              Value     Ov Type        Size  Object(Section)

    RESET                                    0x00000000   Section      644  startup.o(RESET)
    ../clib/angel/boardlib.s                 0x00000000   Number         0  boardinit1.o ABSOLUTE
    ../clib/angel/boardlib.s                 0x00000000   Number         0  boardinit3.o ABSOLUTE
    ../clib/angel/boardlib.s                 0x00000000   Number         0  boardinit2.o ABSOLUTE
    ../clib/angel/boardlib.s                 0x00000000   Number         0  boardshut.o ABSOLUTE
    ../clib/angel/handlers.s                 0x00000000   Number         0  __scatter_copy.o ABSOLUTE
    ../clib/angel/handlers.s                 0x00000000   Number         0  __scatter_zi.o ABSOLUTE
    ../clib/angel/kernel.s                   0x00000000   Number         0  rtexit.o ABSOLUTE
    ../clib/angel/kernel.s                   0x00000000   Number         0  rtexit2.o ABSOLUTE
    ../clib/angel/kernel.s                   0x00000000   Number         0  rtentry2.o ABSOLUTE
    ../clib/angel/kernel.s                   0x00000000   Number         0  rtentry.o ABSOLUTE
    ../clib/angel/kernel.s                   0x00000000   Number         0  rtentry4.o ABSOLUTE
    ../clib/angel/rt.s                       0x00000000   Number         0  rt_raise.o ABSOLUTE
    ../clib/angel/rt.s                       0x00000000   Number         0  rt_errno_addr.o ABSOLUTE
    ../clib/angel/rt.s                       0x00000000   Number         0  rt_errno_addr_intlibspace.o ABSOLUTE
    ../clib/angel/scatter.s                  0x00000000   Number         0  __scatter.o ABSOLUTE
    ../clib/angel/startup.s                  0x00000000   Number         0  __main.o ABSOLUTE
    ../clib/angel/sys.s                      0x00000000   Number         0  indicate_semi.o ABSOLUTE
    ../clib/angel/sys.s                      0x00000000   Number         0  libspace.o ABSOLUTE
    ../clib/angel/sys.s                      0x00000000   Number         0  use_no_semi.o ABSOLUTE
    ../clib/angel/sys.s                      0x00000000   Number         0  sys_stackheap_outer.o ABSOLUTE
    ../clib/angel/sysapp.c                   0x00000000   Number         0  sys_wrch.o ABSOLUTE
    ../clib/angel/sysapp.c                   0x00000000   Number         0  sys_exit.o ABSOLUTE
    ../clib/angel/sysapp.c                   0x00000000   Number         0  sys_command.o ABSOLUTE
    ../clib/armsys.c                         0x00000000   Number         0  no_argv.o ABSOLUTE
    ../clib/armsys.c                         0x00000000   Number         0  _get_argv_nomalloc.o ABSOLUTE
    ../clib/armsys.c                         0x00000000   Number         0  argv_veneer.o ABSOLUTE
    ../clib/armsys.c                         0x00000000   Number         0  argv_veneer.o ABSOLUTE
    ../clib/fenv.c                           0x00000000   Number         0  _rserrno.o ABSOLUTE
    ../clib/heapalloc.c                      0x00000000   Number         0  hrguard.o ABSOLUTE
    ../clib/heapaux.c                        0x00000000   Number         0  heapauxi.o ABSOLUTE
    ../clib/libinit.s                        0x00000000   Number         0  libinit.o ABSOLUTE
    ../clib/libinit.s                        0x00000000   Number         0  libshutdown.o ABSOLUTE
    ../clib/libinit.s                        0x00000000   Number         0  libinit2.o ABSOLUTE
    ../clib/libinit.s                        0x00000000   Number         0  libshutdown2.o ABSOLUTE
    ../clib/signal.c                         0x00000000   Number         0  defsig_abrt_inner.o ABSOLUTE
    ../clib/signal.c                         0x00000000   Number         0  defsig_general.o ABSOLUTE
    ../clib/signal.c                         0x00000000   Number         0  defsig_exit.o ABSOLUTE
    ../clib/signal.c                         0x00000000   Number         0  defsig_rtmem_outer.o ABSOLUTE
    ../clib/signal.c                         0x00000000   Number         0  defsig_rtmem_formal.o ABSOLUTE
    ../clib/signal.c                         0x00000000   Number         0  __raise.o ABSOLUTE
    ../clib/signal.c                         0x00000000   Number         0  defsig_fpe_inner.o ABSOLUTE
    ../clib/signal.c                         0x00000000   Number         0  defsig_stak_inner.o ABSOLUTE
    ../clib/signal.c                         0x00000000   Number         0  defsig_cppl_inner.o ABSOLUTE
    ../clib/signal.c                         0x00000000   Number         0  defsig_segv_inner.o ABSOLUTE
    ../clib/signal.c                         0x00000000   Number         0  defsig_other.o ABSOLUTE
    ../clib/signal.c                         0x00000000   Number         0  defsig_rtred_inner.o ABSOLUTE
    ../clib/signal.c                         0x00000000   Number         0  defsig_rtmem_inner.o ABSOLUTE
    ../clib/signal.c                         0x00000000   Number         0  defsig_pvfn_inner.o ABSOLUTE
    ../clib/signal.s                         0x00000000   Number         0  defsig.o ABSOLUTE
    ../clib/stdlib.c                         0x00000000   Number         0  exit.o ABSOLUTE
    ../fplib/d2f.s                           0x00000000   Number         0  d2f.o ABSOLUTE
    ../fplib/daddsub.s                       0x00000000   Number         0  daddsub_clz.o ABSOLUTE
    ../fplib/dcmpi.s                         0x00000000   Number         0  dcmpi.o ABSOLUTE
    ../fplib/dfix.s                          0x00000000   Number         0  dfix.o ABSOLUTE
    ../fplib/dflt.s                          0x00000000   Number         0  dflt_clz.o ABSOLUTE
    ../fplib/dleqf.s                         0x00000000   Number         0  dleqf.o ABSOLUTE
    ../fplib/dmul.s                          0x00000000   Number         0  dmul.o ABSOLUTE
    ../fplib/dnaninf.s                       0x00000000   Number         0  dnaninf.o ABSOLUTE
    ../fplib/dretinf.s                       0x00000000   Number         0  dretinf.o ABSOLUTE
    ../fplib/dsqrt.s                         0x00000000   Number         0  dsqrt_umaal.o ABSOLUTE
    ../fplib/f2d.s                           0x00000000   Number         0  f2d.o ABSOLUTE
    ../fplib/faddsub.s                       0x00000000   Number         0  faddsub_clz.o ABSOLUTE
    ../fplib/fmul.s                          0x00000000   Number         0  fmul.o ABSOLUTE
    ../fplib/fnaninf.s                       0x00000000   Number         0  fnaninf.o ABSOLUTE
    ../fplib/fpinit.s                        0x00000000   Number         0  fpinit.o ABSOLUTE
    ../fplib/fretinf.s                       0x00000000   Number         0  fretinf.o ABSOLUTE
    ../fplib/usenofp.s                       0x00000000   Number         0  usenofp.o ABSOLUTE
    ../mathlib/sqrt.c                        0x00000000   Number         0  sqrt.o ABSOLUTE
    ../mathlib/sqrt.c                        0x00000000   Number         0  sqrt_x.o ABSOLUTE
    Startup.s                                0x00000000   Number         0  startup.o ABSOLUTE
    dc.s                                     0x00000000   Number         0  dc.o ABSOLUTE
    main.c                                   0x00000000   Number         0  main.o ABSOLUTE
    !!!main                                  0x00000284   Section        8  __main.o(!!!main)
    !!!scatter                               0x0000028c   Section       52  __scatter.o(!!!scatter)
    !!handler_copy                           0x000002c0   Section       26  __scatter_copy.o(!!handler_copy)
    !!handler_zi                             0x000002dc   Section       28  __scatter_zi.o(!!handler_zi)
    .ARM.Collect$$libinit$$00000000          0x000002f8   Section        2  libinit.o(.ARM.Collect$$libinit$$00000000)
    .ARM.Collect$$libinit$$00000002          0x000002fa   Section        0  libinit2.o(.ARM.Collect$$libinit$$00000002)
    .ARM.Collect$$libinit$$00000008          0x000002fa   Section        0  libinit2.o(.ARM.Collect$$libinit$$00000008)
    .ARM.Collect$$libinit$$0000000A          0x000002fa   Section        0  libinit2.o(.ARM.Collect$$libinit$$0000000A)
    .ARM.Collect$$libinit$$0000000C          0x000002fa   Section        0  libinit2.o(.ARM.Collect$$libinit$$0000000C)
    .ARM.Collect$$libinit$$0000000F          0x000002fa   Section        0  libinit2.o(.ARM.Collect$$libinit$$0000000F)
    .ARM.Collect$$libinit$$00000011          0x000002fa   Section        0  libinit2.o(.ARM.Collect$$libinit$$00000011)
    .ARM.Collect$$libinit$$00000013          0x000002fa   Section        0  libinit2.o(.ARM.Collect$$libinit$$00000013)
    .ARM.Collect$$libinit$$00000015          0x000002fa   Section        0  libinit2.o(.ARM.Collect$$libinit$$00000015)
    .ARM.Collect$$libinit$$00000017          0x000002fa   Section        0  libinit2.o(.ARM.Collect$$libinit$$00000017)
    .ARM.Collect$$libinit$$00000019          0x000002fa   Section        0  libinit2.o(.ARM.Collect$$libinit$$00000019)
    .ARM.Collect$$libinit$$0000001B          0x000002fa   Section        0  libinit2.o(.ARM.Collect$$libinit$$0000001B)
    .ARM.Collect$$libinit$$0000001D          0x000002fa   Section        0  libinit2.o(.ARM.Collect$$libinit$$0000001D)
    .ARM.Collect$$libinit$$0000001F          0x000002fa   Section        0  libinit2.o(.ARM.Collect$$libinit$$0000001F)
    .ARM.Collect$$libinit$$00000021          0x000002fa   Section        0  libinit2.o(.ARM.Collect$$libinit$$00000021)
    .ARM.Collect$$libinit$$00000023          0x000002fa   Section        0  libinit2.o(.ARM.Collect$$libinit$$00000023)
    .ARM.Collect$$libinit$$0000002A          0x000002fa   Section        0  libinit2.o(.ARM.Collect$$libinit$$0000002A)
    .ARM.Collect$$libinit$$0000002C          0x000002fa   Section        0  libinit2.o(.ARM.Collect$$libinit$$0000002C)
    .ARM.Collect$$libinit$$0000002E          0x000002fa   Section        0  libinit2.o(.ARM.Collect$$libinit$$0000002E)
    .ARM.Collect$$libinit$$00000030          0x000002fa   Section        0  libinit2.o(.ARM.Collect$$libinit$$00000030)
    .ARM.Collect$$libinit$$00000031          0x000002fa   Section        2  libinit2.o(.ARM.Collect$$libinit$$00000031)
    .ARM.Collect$$libshutdown$$00000000      0x000002fc   Section        2  libshutdown.o(.ARM.Collect$$libshutdown$$00000000)
    .ARM.Collect$$libshutdown$$00000003      0x000002fe   Section        0  libshutdown2.o(.ARM.Collect$$libshutdown$$00000003)
    .ARM.Collect$$libshutdown$$00000006      0x000002fe   Section        0  libshutdown2.o(.ARM.Collect$$libshutdown$$00000006)
    .ARM.Collect$$libshutdown$$00000009      0x000002fe   Section        0  libshutdown2.o(.ARM.Collect$$libshutdown$$00000009)
    .ARM.Collect$$libshutdown$$0000000B      0x000002fe   Section        0  libshutdown2.o(.ARM.Collect$$libshutdown$$0000000B)
    .ARM.Collect$$libshutdown$$0000000E      0x000002fe   Section        0  libshutdown2.o(.ARM.Collect$$libshutdown$$0000000E)
    .ARM.Collect$$libshutdown$$0000000F      0x000002fe   Section        2  libshutdown2.o(.ARM.Collect$$libshutdown$$0000000F)
    .ARM.Collect$$rtentry$$00000000          0x00000300   Section        0  rtentry.o(.ARM.Collect$$rtentry$$00000000)
    .ARM.Collect$$rtentry$$00000002          0x00000300   Section        0  rtentry2.o(.ARM.Collect$$rtentry$$00000002)
    .ARM.Collect$$rtentry$$00000004          0x00000300   Section        6  rtentry4.o(.ARM.Collect$$rtentry$$00000004)
    .ARM.Collect$$rtentry$$00000009          0x00000306   Section        0  rtentry2.o(.ARM.Collect$$rtentry$$00000009)
    .ARM.Collect$$rtentry$$0000000A          0x00000306   Section        4  rtentry2.o(.ARM.Collect$$rtentry$$0000000A)
    .ARM.Collect$$rtentry$$0000000C          0x0000030a   Section        0  rtentry2.o(.ARM.Collect$$rtentry$$0000000C)
    .ARM.Collect$$rtentry$$0000000D          0x0000030a   Section        8  rtentry2.o(.ARM.Collect$$rtentry$$0000000D)
    .ARM.Collect$$rtexit$$00000000           0x00000312   Section        2  rtexit.o(.ARM.Collect$$rtexit$$00000000)
    .ARM.Collect$$rtexit$$00000002           0x00000314   Section        0  rtexit2.o(.ARM.Collect$$rtexit$$00000002)
    .ARM.Collect$$rtexit$$00000003           0x00000314   Section        4  rtexit2.o(.ARM.Collect$$rtexit$$00000003)
    .ARM.Collect$$rtexit$$00000004           0x00000318   Section        6  rtexit2.o(.ARM.Collect$$rtexit$$00000004)
    .text                                    0x00000320   Section       48  startup.o(.text)
    .text                                    0x00000350   Section        0  main.o(.text)
    .text                                    0x00000954   Section        0  heapauxi.o(.text)
    .text                                    0x0000095a   Section        0  _rserrno.o(.text)
    .text                                    0x00000970   Section        8  rt_errno_addr_intlibspace.o(.text)
    .text                                    0x00000978   Section        8  libspace.o(.text)
    .text                                    0x00000980   Section       74  sys_stackheap_outer.o(.text)
    .text                                    0x000009ca   Section        0  exit.o(.text)
    .text                                    0x000009d8   Section        0  sys_exit.o(.text)
    .text                                    0x000009e4   Section        2  use_no_semi.o(.text)
    .text                                    0x000009e6   Section        0  indicate_semi.o(.text)
    i.sqrt                                   0x000009e6   Section        0  sqrt.o(i.sqrt)
    x$fpl$d2f                                0x00000a34   Section       98  d2f.o(x$fpl$d2f)
    x$fpl$dadd                               0x00000a98   Section      336  daddsub_clz.o(x$fpl$dadd)
    _dadd1                                   0x00000aa9   Thumb Code     0  daddsub_clz.o(x$fpl$dadd)
    x$fpl$dfix                               0x00000be8   Section       94  dfix.o(x$fpl$dfix)
    x$fpl$dflt                               0x00000c46   Section       46  dflt_clz.o(x$fpl$dflt)
    x$fpl$dmul                               0x00000c74   Section      340  dmul.o(x$fpl$dmul)
    x$fpl$dnaninf                            0x00000dc8   Section      156  dnaninf.o(x$fpl$dnaninf)
    x$fpl$dretinf                            0x00000e64   Section       12  dretinf.o(x$fpl$dretinf)
    x$fpl$dsqrt                              0x00000e70   Section      408  dsqrt_umaal.o(x$fpl$dsqrt)
    x$fpl$dsub                               0x00001008   Section      468  daddsub_clz.o(x$fpl$dsub)
    _dsub1                                   0x00001019   Thumb Code     0  daddsub_clz.o(x$fpl$dsub)
    x$fpl$f2d                                0x000011dc   Section       86  f2d.o(x$fpl$f2d)
    x$fpl$fadd                               0x00001234   Section      196  faddsub_clz.o(x$fpl$fadd)
    _fadd1                                   0x00001243   Thumb Code     0  faddsub_clz.o(x$fpl$fadd)
    x$fpl$fmul                               0x000012f8   Section      258  fmul.o(x$fpl$fmul)
    x$fpl$fnaninf                            0x000013fa   Section      140  fnaninf.o(x$fpl$fnaninf)
    x$fpl$fretinf                            0x00001486   Section       10  fretinf.o(x$fpl$fretinf)
    x$fpl$fsub                               0x00001490   Section      234  faddsub_clz.o(x$fpl$fsub)
    _fsub1                                   0x0000149f   Thumb Code     0  faddsub_clz.o(x$fpl$fsub)
    x$fpl$usenofp                            0x0000157a   Section        0  usenofp.o(x$fpl$usenofp)
    .data                                    0x20000000   Section       52  main.o(.data)
    .bss                                     0x20000034   Section       96  libspace.o(.bss)
    HEAP                                     0x20000098   Section        0  startup.o(HEAP)
    STACK                                    0x20000098   Section     1024  startup.o(STACK)
    HeapMem                                  0x20000098   Data           0  startup.o(HEAP)
    StackMem                                 0x20000098   Data           0  startup.o(STACK)

    Global Symbols

    Symbol Name                              Value     Ov Type        Size  Object(Section)

    BuildAttributes$$THM_ISAv4$E$P$D$K$B$S$7EM$PE$A:L22UL41UL21$X:L11$S22US41US21$IEEE1$IW$USESV6$~STKCKD$USESV7$~SHL$OTIME$ROPI$IEEEJ$EBA8$UX$STANDARDLIB$REQ8$PRES8$EABIv2 0x00000000   Number         0  anon$$obj.o ABSOLUTE
    __ARM_use_no_argv                        0x00000000   Number         0  main.o ABSOLUTE
    __Vectors                                0x00000000   Data           0  startup.o(RESET)
    __ARM_exceptions_init                     - Undefined Weak Reference
    __alloca_initialize                       - Undefined Weak Reference
    __cpp_initialize__aeabi_                  - Undefined Weak Reference
    __cxa_finalize                            - Undefined Weak Reference
    __rt_locale                               - Undefined Weak Reference
    __sigvec_lookup                           - Undefined Weak Reference
    _atexit_init                              - Undefined Weak Reference
    _call_atexit_fns                          - Undefined Weak Reference
    _clock_init                               - Undefined Weak Reference
    _fp_trap_init                             - Undefined Weak Reference
    _fp_trap_shutdown                         - Undefined Weak Reference
    _get_lc_collate                           - Undefined Weak Reference
    _get_lc_ctype                             - Undefined Weak Reference
    _get_lc_monetary                          - Undefined Weak Reference
    _get_lc_numeric                           - Undefined Weak Reference
    _get_lc_time                              - Undefined Weak Reference
    _getenv_init                              - Undefined Weak Reference
    _handle_redirection                       - Undefined Weak Reference
    _init_alloc                               - Undefined Weak Reference
    _init_user_alloc                          - Undefined Weak Reference
    _initio                                   - Undefined Weak Reference
    _rand_init                                - Undefined Weak Reference
    _signal_finish                            - Undefined Weak Reference
    _signal_init                              - Undefined Weak Reference
    _terminate_alloc                          - Undefined Weak Reference
    _terminate_user_alloc                     - Undefined Weak Reference
    _terminateio                              - Undefined Weak Reference
    Reset_Handler                            0x0000026d   Thumb Code     0  startup.o(RESET)
    NMI_Handler                              0x00000271   Thumb Code     2  startup.o(RESET)
    HardFault_Handler                        0x00000273   Thumb Code     2  startup.o(RESET)
    MemManage_Handler                        0x00000275   Thumb Code     2  startup.o(RESET)
    BusFault_Handler                         0x00000277   Thumb Code     2  startup.o(RESET)
    UsageFault_Handler                       0x00000279   Thumb Code     2  startup.o(RESET)
    SVC_Handler                              0x0000027b   Thumb Code     2  startup.o(RESET)
    DebugMon_Handler                         0x0000027d   Thumb Code     2  startup.o(RESET)
    PendSV_Handler                           0x0000027f   Thumb Code     2  startup.o(RESET)
    SysTick_Handler                          0x00000281   Thumb Code     2  startup.o(RESET)
    ADC0Seq0_Handler                         0x00000283   Thumb Code     0  startup.o(RESET)
    ADC0Seq1_Handler                         0x00000283   Thumb Code     0  startup.o(RESET)
    ADC0Seq2_Handler                         0x00000283   Thumb Code     0  startup.o(RESET)
    ADC0Seq3_Handler                         0x00000283   Thumb Code     0  startup.o(RESET)
    ADC1Seq0_Handler                         0x00000283   Thumb Code     0  startup.o(RESET)
    ADC1Seq1_Handler                         0x00000283   Thumb Code     0  startup.o(RESET)
    ADC1Seq2_Handler                         0x00000283   Thumb Code     0  startup.o(RESET)
    ADC1Seq3_Handler                         0x00000283   Thumb Code     0  startup.o(RESET)
    CAN0_Handler                             0x00000283   Thumb Code     0  startup.o(RESET)
    CAN1_Handler                             0x00000283   Thumb Code     0  startup.o(RESET)
    CAN2_Handler                             0x00000283   Thumb Code     0  startup.o(RESET)
    Comp0_Handler                            0x00000283   Thumb Code     0  startup.o(RESET)
    Comp1_Handler                            0x00000283   Thumb Code     0  startup.o(RESET)
    Comp2_Handler                            0x00000283   Thumb Code     0  startup.o(RESET)
    Ethernet_Handler                         0x00000283   Thumb Code     0  startup.o(RESET)
    ExtBus_Handler                           0x00000283   Thumb Code     0  startup.o(RESET)
    FPU_Handler                              0x00000283   Thumb Code     0  startup.o(RESET)
    Fan0_Handler                             0x00000283   Thumb Code     0  startup.o(RESET)
    FlashCtl_Handler                         0x00000283   Thumb Code     0  startup.o(RESET)
    GPIOPortA_Handler                        0x00000283   Thumb Code     0  startup.o(RESET)
    GPIOPortB_Handler                        0x00000283   Thumb Code     0  startup.o(RESET)
    GPIOPortC_Handler                        0x00000283   Thumb Code     0  startup.o(RESET)
    GPIOPortD_Handler                        0x00000283   Thumb Code     0  startup.o(RESET)
    GPIOPortE_Handler                        0x00000283   Thumb Code     0  startup.o(RESET)
    GPIOPortF_Handler                        0x00000283   Thumb Code     0  startup.o(RESET)
    GPIOPortG_Handler                        0x00000283   Thumb Code     0  startup.o(RESET)
    GPIOPortH_Handler                        0x00000283   Thumb Code     0  startup.o(RESET)
    GPIOPortJ_Handler                        0x00000283   Thumb Code     0  startup.o(RESET)
    GPIOPortK_Handler                        0x00000283   Thumb Code     0  startup.o(RESET)
    GPIOPortL_Handler                        0x00000283   Thumb Code     0  startup.o(RESET)
    GPIOPortM_Handler                        0x00000283   Thumb Code     0  startup.o(RESET)
    GPIOPortN_Handler                        0x00000283   Thumb Code     0  startup.o(RESET)
    GPIOPortP1_Handler                       0x00000283   Thumb Code     0  startup.o(RESET)
    GPIOPortP2_Handler                       0x00000283   Thumb Code     0  startup.o(RESET)
    GPIOPortP3_Handler                       0x00000283   Thumb Code     0  startup.o(RESET)
    GPIOPortP4_Handler                       0x00000283   Thumb Code     0  startup.o(RESET)
    GPIOPortP5_Handler                       0x00000283   Thumb Code     0  startup.o(RESET)
    GPIOPortP6_Handler                       0x00000283   Thumb Code     0  startup.o(RESET)
    GPIOPortP7_Handler                       0x00000283   Thumb Code     0  startup.o(RESET)
    GPIOPortP_Handler                        0x00000283   Thumb Code     0  startup.o(RESET)
    GPIOPortQ1_Handler                       0x00000283   Thumb Code     0  startup.o(RESET)
    GPIOPortQ2_Handler                       0x00000283   Thumb Code     0  startup.o(RESET)
    GPIOPortQ3_Handler                       0x00000283   Thumb Code     0  startup.o(RESET)
    GPIOPortQ4_Handler                       0x00000283   Thumb Code     0  startup.o(RESET)
    GPIOPortQ5_Handler                       0x00000283   Thumb Code     0  startup.o(RESET)
    GPIOPortQ6_Handler                       0x00000283   Thumb Code     0  startup.o(RESET)
    GPIOPortQ7_Handler                       0x00000283   Thumb Code     0  startup.o(RESET)
    GPIOPortQ_Handler                        0x00000283   Thumb Code     0  startup.o(RESET)
    GPIOPortR_Handler                        0x00000283   Thumb Code     0  startup.o(RESET)
    GPIOPortS_Handler                        0x00000283   Thumb Code     0  startup.o(RESET)
    Hibernate_Handler                        0x00000283   Thumb Code     0  startup.o(RESET)
    I2C0_Handler                             0x00000283   Thumb Code     0  startup.o(RESET)
    I2C1_Handler                             0x00000283   Thumb Code     0  startup.o(RESET)
    I2C2_Handler                             0x00000283   Thumb Code     0  startup.o(RESET)
    I2C3_Handler                             0x00000283   Thumb Code     0  startup.o(RESET)
    I2C4_Handler                             0x00000283   Thumb Code     0  startup.o(RESET)
    I2C5_Handler                             0x00000283   Thumb Code     0  startup.o(RESET)
    I2S0_Handler                             0x00000283   Thumb Code     0  startup.o(RESET)
    LPC0_Handler                             0x00000283   Thumb Code     0  startup.o(RESET)
    PECI0_Handler                            0x00000283   Thumb Code     0  startup.o(RESET)
    PWM0Fault_Handler                        0x00000283   Thumb Code     0  startup.o(RESET)
    PWM0Generator0_Handler                   0x00000283   Thumb Code     0  startup.o(RESET)
    PWM0Generator1_Handler                   0x00000283   Thumb Code     0  startup.o(RESET)
    PWM0Generator2_Handler                   0x00000283   Thumb Code     0  startup.o(RESET)
    PWM0Generator3_Handler                   0x00000283   Thumb Code     0  startup.o(RESET)
    PWM1Fault_Handler                        0x00000283   Thumb Code     0  startup.o(RESET)
    PWM1Generator0_Handler                   0x00000283   Thumb Code     0  startup.o(RESET)
    PWM1Generator1_Handler                   0x00000283   Thumb Code     0  startup.o(RESET)
    PWM1Generator2_Handler                   0x00000283   Thumb Code     0  startup.o(RESET)
    PWM1Generator3_Handler                   0x00000283   Thumb Code     0  startup.o(RESET)
    Quadrature0_Handler                      0x00000283   Thumb Code     0  startup.o(RESET)
    Quadrature1_Handler                      0x00000283   Thumb Code     0  startup.o(RESET)
    Quadrature2_Handler                      0x00000283   Thumb Code     0  startup.o(RESET)
    SSI0_Handler                             0x00000283   Thumb Code     0  startup.o(RESET)
    SSI1_Handler                             0x00000283   Thumb Code     0  startup.o(RESET)
    SSI2_Handler                             0x00000283   Thumb Code     0  startup.o(RESET)
    SSI3_Handler                             0x00000283   Thumb Code     0  startup.o(RESET)
    SysCtl_Handler                           0x00000283   Thumb Code     0  startup.o(RESET)
    Timer0A_Handler                          0x00000283   Thumb Code     0  startup.o(RESET)
    Timer0B_Handler                          0x00000283   Thumb Code     0  startup.o(RESET)
    Timer1A_Handler                          0x00000283   Thumb Code     0  startup.o(RESET)
    Timer1B_Handler                          0x00000283   Thumb Code     0  startup.o(RESET)
    Timer2A_Handler                          0x00000283   Thumb Code     0  startup.o(RESET)
    Timer2B_Handler                          0x00000283   Thumb Code     0  startup.o(RESET)
    Timer3A_Handler                          0x00000283   Thumb Code     0  startup.o(RESET)
    Timer3B_Handler                          0x00000283   Thumb Code     0  startup.o(RESET)
    Timer4A_Handler                          0x00000283   Thumb Code     0  startup.o(RESET)
    Timer4B_Handler                          0x00000283   Thumb Code     0  startup.o(RESET)
    Timer5A_Handler                          0x00000283   Thumb Code     0  startup.o(RESET)
    Timer5B_Handler                          0x00000283   Thumb Code     0  startup.o(RESET)
    UART0_Handler                            0x00000283   Thumb Code     0  startup.o(RESET)
    UART1_Handler                            0x00000283   Thumb Code     0  startup.o(RESET)
    UART2_Handler                            0x00000283   Thumb Code     0  startup.o(RESET)
    UART3_Handler                            0x00000283   Thumb Code     0  startup.o(RESET)
    UART4_Handler                            0x00000283   Thumb Code     0  startup.o(RESET)
    UART5_Handler                            0x00000283   Thumb Code     0  startup.o(RESET)
    UART6_Handler                            0x00000283   Thumb Code     0  startup.o(RESET)
    UART7_Handler                            0x00000283   Thumb Code     0  startup.o(RESET)
    USB0_Handler                             0x00000283   Thumb Code     0  startup.o(RESET)
    WDT_Handler                              0x00000283   Thumb Code     0  startup.o(RESET)
    WideTimer0A_Handler                      0x00000283   Thumb Code     0  startup.o(RESET)
    WideTimer0B_Handler                      0x00000283   Thumb Code     0  startup.o(RESET)
    WideTimer1A_Handler                      0x00000283   Thumb Code     0  startup.o(RESET)
    WideTimer1B_Handler                      0x00000283   Thumb Code     0  startup.o(RESET)
    WideTimer2A_Handler                      0x00000283   Thumb Code     0  startup.o(RESET)
    WideTimer2B_Handler                      0x00000283   Thumb Code     0  startup.o(RESET)
    WideTimer3A_Handler                      0x00000283   Thumb Code     0  startup.o(RESET)
    WideTimer3B_Handler                      0x00000283   Thumb Code     0  startup.o(RESET)
    WideTimer4A_Handler                      0x00000283   Thumb Code     0  startup.o(RESET)
    WideTimer4B_Handler                      0x00000283   Thumb Code     0  startup.o(RESET)
    WideTimer5A_Handler                      0x00000283   Thumb Code     0  startup.o(RESET)
    WideTimer5B_Handler                      0x00000283   Thumb Code     0  startup.o(RESET)
    uDMA_Error                               0x00000283   Thumb Code     0  startup.o(RESET)
    uDMA_Handler                             0x00000283   Thumb Code     0  startup.o(RESET)
    __main                                   0x00000285   Thumb Code     8  __main.o(!!!main)
    __scatterload                            0x0000028d   Thumb Code     0  __scatter.o(!!!scatter)
    __scatterload_rt2                        0x0000028d   Thumb Code    44  __scatter.o(!!!scatter)
    __scatterload_rt2_thumb_only             0x0000028d   Thumb Code     0  __scatter.o(!!!scatter)
    __scatterload_null                       0x0000029b   Thumb Code     0  __scatter.o(!!!scatter)
    __scatterload_copy                       0x000002c1   Thumb Code    26  __scatter_copy.o(!!handler_copy)
    __scatterload_zeroinit                   0x000002dd   Thumb Code    28  __scatter_zi.o(!!handler_zi)
    __rt_lib_init                            0x000002f9   Thumb Code     0  libinit.o(.ARM.Collect$$libinit$$00000000)
    __rt_lib_init_alloca_1                   0x000002fb   Thumb Code     0  libinit2.o(.ARM.Collect$$libinit$$0000002C)
    __rt_lib_init_argv_1                     0x000002fb   Thumb Code     0  libinit2.o(.ARM.Collect$$libinit$$0000002A)
    __rt_lib_init_atexit_1                   0x000002fb   Thumb Code     0  libinit2.o(.ARM.Collect$$libinit$$00000019)
    __rt_lib_init_clock_1                    0x000002fb   Thumb Code     0  libinit2.o(.ARM.Collect$$libinit$$0000001F)
    __rt_lib_init_cpp_1                      0x000002fb   Thumb Code     0  libinit2.o(.ARM.Collect$$libinit$$00000030)
    __rt_lib_init_exceptions_1               0x000002fb   Thumb Code     0  libinit2.o(.ARM.Collect$$libinit$$0000002E)
    __rt_lib_init_fp_1                       0x000002fb   Thumb Code     0  libinit2.o(.ARM.Collect$$libinit$$00000002)
    __rt_lib_init_fp_trap_1                  0x000002fb   Thumb Code     0  libinit2.o(.ARM.Collect$$libinit$$0000001D)
    __rt_lib_init_getenv_1                   0x000002fb   Thumb Code     0  libinit2.o(.ARM.Collect$$libinit$$00000021)
    __rt_lib_init_heap_1                     0x000002fb   Thumb Code     0  libinit2.o(.ARM.Collect$$libinit$$00000008)
    __rt_lib_init_lc_collate_1               0x000002fb   Thumb Code     0  libinit2.o(.ARM.Collect$$libinit$$0000000F)
    __rt_lib_init_lc_ctype_1                 0x000002fb   Thumb Code     0  libinit2.o(.ARM.Collect$$libinit$$00000011)
    __rt_lib_init_lc_monetary_1              0x000002fb   Thumb Code     0  libinit2.o(.ARM.Collect$$libinit$$00000013)
    __rt_lib_init_lc_numeric_1               0x000002fb   Thumb Code     0  libinit2.o(.ARM.Collect$$libinit$$00000015)
    __rt_lib_init_lc_time_1                  0x000002fb   Thumb Code     0  libinit2.o(.ARM.Collect$$libinit$$00000017)
    __rt_lib_init_rand_1                     0x000002fb   Thumb Code     0  libinit2.o(.ARM.Collect$$libinit$$0000000C)
    __rt_lib_init_return                     0x000002fb   Thumb Code     0  libinit2.o(.ARM.Collect$$libinit$$00000031)
    __rt_lib_init_signal_1                   0x000002fb   Thumb Code     0  libinit2.o(.ARM.Collect$$libinit$$0000001B)
    __rt_lib_init_stdio_1                    0x000002fb   Thumb Code     0  libinit2.o(.ARM.Collect$$libinit$$00000023)
    __rt_lib_init_user_alloc_1               0x000002fb   Thumb Code     0  libinit2.o(.ARM.Collect$$libinit$$0000000A)
    __rt_lib_shutdown                        0x000002fd   Thumb Code     0  libshutdown.o(.ARM.Collect$$libshutdown$$00000000)
    __rt_lib_shutdown_fp_trap_1              0x000002ff   Thumb Code     0  libshutdown2.o(.ARM.Collect$$libshutdown$$00000006)
    __rt_lib_shutdown_heap_1                 0x000002ff   Thumb Code     0  libshutdown2.o(.ARM.Collect$$libshutdown$$0000000E)
    __rt_lib_shutdown_return                 0x000002ff   Thumb Code     0  libshutdown2.o(.ARM.Collect$$libshutdown$$0000000F)
    __rt_lib_shutdown_signal_1               0x000002ff   Thumb Code     0  libshutdown2.o(.ARM.Collect$$libshutdown$$00000009)
    __rt_lib_shutdown_stdio_1                0x000002ff   Thumb Code     0  libshutdown2.o(.ARM.Collect$$libshutdown$$00000003)
    __rt_lib_shutdown_user_alloc_1           0x000002ff   Thumb Code     0  libshutdown2.o(.ARM.Collect$$libshutdown$$0000000B)
    __rt_entry                               0x00000301   Thumb Code     0  rtentry.o(.ARM.Collect$$rtentry$$00000000)
    __rt_entry_presh_1                       0x00000301   Thumb Code     0  rtentry2.o(.ARM.Collect$$rtentry$$00000002)
    __rt_entry_sh                            0x00000301   Thumb Code     0  rtentry4.o(.ARM.Collect$$rtentry$$00000004)
    __rt_entry_li                            0x00000307   Thumb Code     0  rtentry2.o(.ARM.Collect$$rtentry$$0000000A)
    __rt_entry_postsh_1                      0x00000307   Thumb Code     0  rtentry2.o(.ARM.Collect$$rtentry$$00000009)
    __rt_entry_main                          0x0000030b   Thumb Code     0  rtentry2.o(.ARM.Collect$$rtentry$$0000000D)
    __rt_entry_postli_1                      0x0000030b   Thumb Code     0  rtentry2.o(.ARM.Collect$$rtentry$$0000000C)
    __rt_exit                                0x00000313   Thumb Code     0  rtexit.o(.ARM.Collect$$rtexit$$00000000)
    __rt_exit_ls                             0x00000315   Thumb Code     0  rtexit2.o(.ARM.Collect$$rtexit$$00000003)
    __rt_exit_prels_1                        0x00000315   Thumb Code     0  rtexit2.o(.ARM.Collect$$rtexit$$00000002)
    __rt_exit_exit                           0x00000319   Thumb Code     0  rtexit2.o(.ARM.Collect$$rtexit$$00000004)
    DisableInterrupts                        0x00000321   Thumb Code     0  startup.o(.text)
    EnableInterrupts                         0x00000325   Thumb Code     0  startup.o(.text)
    StartCritical                            0x00000329   Thumb Code     0  startup.o(.text)
    EndCritical                              0x00000331   Thumb Code     0  startup.o(.text)
    WaitForInterrupt                         0x00000337   Thumb Code     0  startup.o(.text)
    __user_initial_stackheap                 0x0000033b   Thumb Code     0  startup.o(.text)
    ReadAccelZ                               0x00000351   Thumb Code   162  main.o(.text)
    ReadAccelY                               0x000003f3   Thumb Code   162  main.o(.text)
    ReadAccelX                               0x00000495   Thumb Code   162  main.o(.text)
    ReadRegister                             0x00000537   Thumb Code    76  main.o(.text)
    WriteRegister                            0x00000583   Thumb Code    58  main.o(.text)
    EnableI2CModule0                         0x000005bd   Thumb Code   132  main.o(.text)
    StartTimer                               0x00000641   Thumb Code    14  main.o(.text)
    Timer_Init                               0x0000064f   Thumb Code    54  main.o(.text)
    PLL_Init                                 0x00000685   Thumb Code   106  main.o(.text)
    main                                     0x000006ef   Thumb Code   236  main.o(.text)
    GetVelocity                              0x000007db   Thumb Code   322  main.o(.text)
    __use_two_region_memory                  0x00000955   Thumb Code     2  heapauxi.o(.text)
    __rt_heap_escrow$2region                 0x00000957   Thumb Code     2  heapauxi.o(.text)
    __rt_heap_expand$2region                 0x00000959   Thumb Code     2  heapauxi.o(.text)
    __read_errno                             0x0000095b   Thumb Code    10  _rserrno.o(.text)
    __set_errno                              0x00000965   Thumb Code    12  _rserrno.o(.text)
    __aeabi_errno_addr                       0x00000971   Thumb Code     8  rt_errno_addr_intlibspace.o(.text)
    __errno$intlibspace                      0x00000971   Thumb Code     0  rt_errno_addr_intlibspace.o(.text)
    __rt_errno_addr$intlibspace              0x00000971   Thumb Code     0  rt_errno_addr_intlibspace.o(.text)
    __user_libspace                          0x00000979   Thumb Code     8  libspace.o(.text)
    __user_perproc_libspace                  0x00000979   Thumb Code     0  libspace.o(.text)
    __user_perthread_libspace                0x00000979   Thumb Code     0  libspace.o(.text)
    __user_setup_stackheap                   0x00000981   Thumb Code    74  sys_stackheap_outer.o(.text)
    exit                                     0x000009cb   Thumb Code    12  exit.o(.text)
    _sys_exit                                0x000009d9   Thumb Code     8  sys_exit.o(.text)
    __I$use$semihosting                      0x000009e5   Thumb Code     0  use_no_semi.o(.text)
    __use_no_semihosting_swi                 0x000009e5   Thumb Code     2  use_no_semi.o(.text)
    __semihosting_library_function           0x000009e7   Thumb Code     0  indicate_semi.o(.text)
    sqrt                                     0x000009e7   Thumb Code    76  sqrt.o(i.sqrt)
    __aeabi_d2f                              0x00000a35   Thumb Code     0  d2f.o(x$fpl$d2f)
    _d2f                                     0x00000a35   Thumb Code    98  d2f.o(x$fpl$d2f)
    __aeabi_dadd                             0x00000a99   Thumb Code     0  daddsub_clz.o(x$fpl$dadd)
    _dadd                                    0x00000a99   Thumb Code   332  daddsub_clz.o(x$fpl$dadd)
    __aeabi_d2iz                             0x00000be9   Thumb Code     0  dfix.o(x$fpl$dfix)
    _dfix                                    0x00000be9   Thumb Code    94  dfix.o(x$fpl$dfix)
    __aeabi_i2d                              0x00000c47   Thumb Code     0  dflt_clz.o(x$fpl$dflt)
    _dflt                                    0x00000c47   Thumb Code    46  dflt_clz.o(x$fpl$dflt)
    __aeabi_dmul                             0x00000c75   Thumb Code     0  dmul.o(x$fpl$dmul)
    _dmul                                    0x00000c75   Thumb Code   332  dmul.o(x$fpl$dmul)
    __fpl_dnaninf                            0x00000dc9   Thumb Code   156  dnaninf.o(x$fpl$dnaninf)
    __fpl_dretinf                            0x00000e65   Thumb Code    12  dretinf.o(x$fpl$dretinf)
    _dsqrt                                   0x00000e71   Thumb Code   404  dsqrt_umaal.o(x$fpl$dsqrt)
    __aeabi_dsub                             0x00001009   Thumb Code     0  daddsub_clz.o(x$fpl$dsub)
    _dsub                                    0x00001009   Thumb Code   464  daddsub_clz.o(x$fpl$dsub)
    __aeabi_f2d                              0x000011dd   Thumb Code     0  f2d.o(x$fpl$f2d)
    _f2d                                     0x000011dd   Thumb Code    86  f2d.o(x$fpl$f2d)
    __aeabi_fadd                             0x00001235   Thumb Code     0  faddsub_clz.o(x$fpl$fadd)
    _fadd                                    0x00001235   Thumb Code   196  faddsub_clz.o(x$fpl$fadd)
    __aeabi_fmul                             0x000012f9   Thumb Code     0  fmul.o(x$fpl$fmul)
    _fmul                                    0x000012f9   Thumb Code   258  fmul.o(x$fpl$fmul)
    __fpl_fnaninf                            0x000013fb   Thumb Code   140  fnaninf.o(x$fpl$fnaninf)
    __fpl_fretinf                            0x00001487   Thumb Code    10  fretinf.o(x$fpl$fretinf)
    __aeabi_fsub                             0x00001491   Thumb Code     0  faddsub_clz.o(x$fpl$fsub)
    _fsub                                    0x00001491   Thumb Code   234  faddsub_clz.o(x$fpl$fsub)
    __I$use$fp                               0x0000157a   Number         0  usenofp.o(x$fpl$usenofp)
    Region$$Table$$Base                      0x0000157c   Number         0  anon$$obj.o(Region$$Table)
    Region$$Table$$Limit                     0x0000159c   Number         0  anon$$obj.o(Region$$Table)
    X_Axis1                                  0x20000000   Data           4  main.o(.data)
    X_Axis2                                  0x20000004   Data           4  main.o(.data)
    Y_Axis1                                  0x20000008   Data           4  main.o(.data)
    Y_Axis2                                  0x2000000c   Data           4  main.o(.data)
    Z_Axis1                                  0x20000010   Data           4  main.o(.data)
    Z_Axis2                                  0x20000014   Data           4  main.o(.data)
    RawX_Axis1                               0x20000018   Data           2  main.o(.data)
    RawX_Axis2                               0x2000001a   Data           2  main.o(.data)
    RawY_Axis1                               0x2000001c   Data           2  main.o(.data)
    RawY_Axis2                               0x2000001e   Data           2  main.o(.data)
    RawZ_Axis1                               0x20000020   Data           2  main.o(.data)
    RawZ_Axis2                               0x20000022   Data           2  main.o(.data)
    OldV                                     0x20000024   Data           4  main.o(.data)
    OldA                                     0x20000028   Data           4  main.o(.data)
    NewA                                     0x2000002c   Data           4  main.o(.data)
    NewV                                     0x20000030   Data           4  main.o(.data)
    __libspace_start                         0x20000034   Data          96  libspace.o(.bss)
    __temporary_stack_top$libspace           0x20000094   Data           0  libspace.o(.bss)



==============================================================================

Memory Map of the image

  Image Entry point : 0x0000026d

  Load Region LR_1 (Base: 0x00000000, Size: 0x000015d0, Max: 0xffffffff, ABSOLUTE)

    Execution Region ER_RO (Base: 0x00000000, Size: 0x0000159c, Max: 0xffffffff, ABSOLUTE)

    Base Addr    Size         Type   Attr      Idx    E Section Name        Object

    0x00000000   0x00000284   Code   RO            3  * RESET               startup.o
    0x00000284   0x00000008   Code   RO           42  * !!!main             c_w.l(__main.o)
    0x0000028c   0x00000034   Code   RO          256    !!!scatter          c_w.l(__scatter.o)
    0x000002c0   0x0000001a   Code   RO          258    !!handler_copy      c_w.l(__scatter_copy.o)
    0x000002da   0x00000002   PAD
    0x000002dc   0x0000001c   Code   RO          260    !!handler_zi        c_w.l(__scatter_zi.o)
    0x000002f8   0x00000002   Code   RO          132    .ARM.Collect$$libinit$$00000000  c_w.l(libinit.o)
    0x000002fa   0x00000000   Code   RO          136    .ARM.Collect$$libinit$$00000002  c_w.l(libinit2.o)
    0x000002fa   0x00000000   Code   RO          139    .ARM.Collect$$libinit$$00000008  c_w.l(libinit2.o)
    0x000002fa   0x00000000   Code   RO          141    .ARM.Collect$$libinit$$0000000A  c_w.l(libinit2.o)
    0x000002fa   0x00000000   Code   RO          143    .ARM.Collect$$libinit$$0000000C  c_w.l(libinit2.o)
    0x000002fa   0x00000000   Code   RO          146    .ARM.Collect$$libinit$$0000000F  c_w.l(libinit2.o)
    0x000002fa   0x00000000   Code   RO          148    .ARM.Collect$$libinit$$00000011  c_w.l(libinit2.o)
    0x000002fa   0x00000000   Code   RO          150    .ARM.Collect$$libinit$$00000013  c_w.l(libinit2.o)
    0x000002fa   0x00000000   Code   RO          152    .ARM.Collect$$libinit$$00000015  c_w.l(libinit2.o)
    0x000002fa   0x00000000   Code   RO          154    .ARM.Collect$$libinit$$00000017  c_w.l(libinit2.o)
    0x000002fa   0x00000000   Code   RO          156    .ARM.Collect$$libinit$$00000019  c_w.l(libinit2.o)
    0x000002fa   0x00000000   Code   RO          158    .ARM.Collect$$libinit$$0000001B  c_w.l(libinit2.o)
    0x000002fa   0x00000000   Code   RO          160    .ARM.Collect$$libinit$$0000001D  c_w.l(libinit2.o)
    0x000002fa   0x00000000   Code   RO          162    .ARM.Collect$$libinit$$0000001F  c_w.l(libinit2.o)
    0x000002fa   0x00000000   Code   RO          164    .ARM.Collect$$libinit$$00000021  c_w.l(libinit2.o)
    0x000002fa   0x00000000   Code   RO          166    .ARM.Collect$$libinit$$00000023  c_w.l(libinit2.o)
    0x000002fa   0x00000000   Code   RO          170    .ARM.Collect$$libinit$$0000002A  c_w.l(libinit2.o)
    0x000002fa   0x00000000   Code   RO          172    .ARM.Collect$$libinit$$0000002C  c_w.l(libinit2.o)
    0x000002fa   0x00000000   Code   RO          174    .ARM.Collect$$libinit$$0000002E  c_w.l(libinit2.o)
    0x000002fa   0x00000000   Code   RO          176    .ARM.Collect$$libinit$$00000030  c_w.l(libinit2.o)
    0x000002fa   0x00000002   Code   RO          177    .ARM.Collect$$libinit$$00000031  c_w.l(libinit2.o)
    0x000002fc   0x00000002   Code   RO          197    .ARM.Collect$$libshutdown$$00000000  c_w.l(libshutdown.o)
    0x000002fe   0x00000000   Code   RO          211    .ARM.Collect$$libshutdown$$00000003  c_w.l(libshutdown2.o)
    0x000002fe   0x00000000   Code   RO          214    .ARM.Collect$$libshutdown$$00000006  c_w.l(libshutdown2.o)
    0x000002fe   0x00000000   Code   RO          217    .ARM.Collect$$libshutdown$$00000009  c_w.l(libshutdown2.o)
    0x000002fe   0x00000000   Code   RO          219    .ARM.Collect$$libshutdown$$0000000B  c_w.l(libshutdown2.o)
    0x000002fe   0x00000000   Code   RO          222    .ARM.Collect$$libshutdown$$0000000E  c_w.l(libshutdown2.o)
    0x000002fe   0x00000002   Code   RO          223    .ARM.Collect$$libshutdown$$0000000F  c_w.l(libshutdown2.o)
    0x00000300   0x00000000   Code   RO           82    .ARM.Collect$$rtentry$$00000000  c_w.l(rtentry.o)
    0x00000300   0x00000000   Code   RO           99    .ARM.Collect$$rtentry$$00000002  c_w.l(rtentry2.o)
    0x00000300   0x00000006   Code   RO          111    .ARM.Collect$$rtentry$$00000004  c_w.l(rtentry4.o)
    0x00000306   0x00000000   Code   RO          101    .ARM.Collect$$rtentry$$00000009  c_w.l(rtentry2.o)
    0x00000306   0x00000004   Code   RO          102    .ARM.Collect$$rtentry$$0000000A  c_w.l(rtentry2.o)
    0x0000030a   0x00000000   Code   RO          104    .ARM.Collect$$rtentry$$0000000C  c_w.l(rtentry2.o)
    0x0000030a   0x00000008   Code   RO          105    .ARM.Collect$$rtentry$$0000000D  c_w.l(rtentry2.o)
    0x00000312   0x00000002   Code   RO          133    .ARM.Collect$$rtexit$$00000000  c_w.l(rtexit.o)
    0x00000314   0x00000000   Code   RO          179    .ARM.Collect$$rtexit$$00000002  c_w.l(rtexit2.o)
    0x00000314   0x00000004   Code   RO          180    .ARM.Collect$$rtexit$$00000003  c_w.l(rtexit2.o)
    0x00000318   0x00000006   Code   RO          181    .ARM.Collect$$rtexit$$00000004  c_w.l(rtexit2.o)
    0x0000031e   0x00000002   PAD
    0x00000320   0x00000030   Code   RO            4    .text               startup.o
    0x00000350   0x00000604   Code   RO           12    .text               main.o
    0x00000954   0x00000006   Code   RO           40    .text               c_w.l(heapauxi.o)
    0x0000095a   0x00000016   Code   RO           83    .text               c_w.l(_rserrno.o)
    0x00000970   0x00000008   Code   RO          116    .text               c_w.l(rt_errno_addr_intlibspace.o)
    0x00000978   0x00000008   Code   RO          120    .text               c_w.l(libspace.o)
    0x00000980   0x0000004a   Code   RO          123    .text               c_w.l(sys_stackheap_outer.o)
    0x000009ca   0x0000000c   Code   RO          125    .text               c_w.l(exit.o)
    0x000009d6   0x00000002   PAD
    0x000009d8   0x0000000c   Code   RO          189    .text               c_w.l(sys_exit.o)
    0x000009e4   0x00000002   Code   RO          200    .text               c_w.l(use_no_semi.o)
    0x000009e6   0x00000000   Code   RO          202    .text               c_w.l(indicate_semi.o)
    0x000009e6   0x0000004c   Code   RO           75    i.sqrt              m_ws.l(sqrt.o)
    0x00000a32   0x00000002   PAD
    0x00000a34   0x00000062   Code   RO           44    x$fpl$d2f           fz_ws.l(d2f.o)
    0x00000a96   0x00000002   PAD
    0x00000a98   0x00000150   Code   RO           46    x$fpl$dadd          fz_ws.l(daddsub_clz.o)
    0x00000be8   0x0000005e   Code   RO           52    x$fpl$dfix          fz_ws.l(dfix.o)
    0x00000c46   0x0000002e   Code   RO           57    x$fpl$dflt          fz_ws.l(dflt_clz.o)
    0x00000c74   0x00000154   Code   RO           62    x$fpl$dmul          fz_ws.l(dmul.o)
    0x00000dc8   0x0000009c   Code   RO           87    x$fpl$dnaninf       fz_ws.l(dnaninf.o)
    0x00000e64   0x0000000c   Code   RO           89    x$fpl$dretinf       fz_ws.l(dretinf.o)
    0x00000e70   0x00000198   Code   RO           91    x$fpl$dsqrt         fz_ws.l(dsqrt_umaal.o)
    0x00001008   0x000001d4   Code   RO           48    x$fpl$dsub          fz_ws.l(daddsub_clz.o)
    0x000011dc   0x00000056   Code   RO           64    x$fpl$f2d           fz_ws.l(f2d.o)
    0x00001232   0x00000002   PAD
    0x00001234   0x000000c4   Code   RO           66    x$fpl$fadd          fz_ws.l(faddsub_clz.o)
    0x000012f8   0x00000102   Code   RO           72    x$fpl$fmul          fz_ws.l(fmul.o)
    0x000013fa   0x0000008c   Code   RO           93    x$fpl$fnaninf       fz_ws.l(fnaninf.o)
    0x00001486   0x0000000a   Code   RO           95    x$fpl$fretinf       fz_ws.l(fretinf.o)
    0x00001490   0x000000ea   Code   RO           68    x$fpl$fsub          fz_ws.l(faddsub_clz.o)
    0x0000157a   0x00000000   Code   RO           97    x$fpl$usenofp       fz_ws.l(usenofp.o)
    0x0000157a   0x00000002   PAD
    0x0000157c   0x00000020   Data   RO          254    Region$$Table       anon$$obj.o


    Execution Region ER_RW (Base: 0x20000000, Size: 0x00000034, Max: 0xffffffff, ABSOLUTE)

    Base Addr    Size         Type   Attr      Idx    E Section Name        Object

    0x20000000   0x00000034   Data   RW           13    .data               main.o


    Execution Region ER_ZI (Base: 0x20000034, Size: 0x00000464, Max: 0xffffffff, ABSOLUTE)

    Base Addr    Size         Type   Attr      Idx    E Section Name        Object

    0x20000034   0x00000060   Zero   RW          121    .bss                c_w.l(libspace.o)
    0x20000094   0x00000004   PAD
    0x20000098   0x00000000   Zero   RW            2    HEAP                startup.o
    0x20000098   0x00000400   Zero   RW            1    STACK               startup.o


==============================================================================

Image component sizes


      Code (inc. data)   RO Data    RW Data    ZI Data      Debug   Object Name

      1540        104          0         52          0       7947   main.o
       692        632          0          0       1024        876   startup.o

    ----------------------------------------------------------------------
      2232        736         32         52       1024       8823   Object Totals
         0          0         32          0          0          0   (incl. Generated)
         0          0          0          0          0          0   (incl. Padding)

    ----------------------------------------------------------------------

      Code (inc. data)   RO Data    RW Data    ZI Data      Debug   Library Member Name

         8          0          0          0          0         68   __main.o
        52          8          0          0          0          0   __scatter.o
        26          0          0          0          0          0   __scatter_copy.o
        28          0          0          0          0          0   __scatter_zi.o
        22          0          0          0          0        100   _rserrno.o
        12          0          0          0          0         72   exit.o
         6          0          0          0          0        152   heapauxi.o
         0          0          0          0          0          0   indicate_semi.o
         2          0          0          0          0          0   libinit.o
         2          0          0          0          0          0   libinit2.o
         2          0          0          0          0          0   libshutdown.o
         2          0          0          0          0          0   libshutdown2.o
         8          4          0          0         96         68   libspace.o
         8          4          0          0          0         68   rt_errno_addr_intlibspace.o
         0          0          0          0          0          0   rtentry.o
        12          0          0          0          0          0   rtentry2.o
         6          0          0          0          0          0   rtentry4.o
         2          0          0          0          0          0   rtexit.o
        10          0          0          0          0          0   rtexit2.o
        12          4          0          0          0         68   sys_exit.o
        74          0          0          0          0         80   sys_stackheap_outer.o
         2          0          0          0          0         68   use_no_semi.o
        98          4          0          0          0         92   d2f.o
       804         16          0          0          0        272   daddsub_clz.o
        94          4          0          0          0         92   dfix.o
        46          0          0          0          0         68   dflt_clz.o
       340         12          0          0          0        104   dmul.o
       156          4          0          0          0         92   dnaninf.o
        12          0          0          0          0         68   dretinf.o
       408         56          0          0          0        120   dsqrt_umaal.o
        86          4          0          0          0         84   f2d.o
       430          8          0          0          0        168   faddsub_clz.o
       258          4          0          0          0         84   fmul.o
       140          4          0          0          0         84   fnaninf.o
        10          0          0          0          0         68   fretinf.o
         0          0          0          0          0          0   usenofp.o
        76          0          0          0          0         84   sqrt.o

    ----------------------------------------------------------------------
      3268        136          0          0        100       2224   Library Totals
        14          0          0          0          4          0   (incl. Padding)

    ----------------------------------------------------------------------

      Code (inc. data)   RO Data    RW Data    ZI Data      Debug   Library Name

       296         20          0          0         96        744   c_w.l
      2882        116          0          0          0       1396   fz_ws.l
        76          0          0          0          0         84   m_ws.l

    ----------------------------------------------------------------------
      3268        136          0          0        100       2224   Library Totals

    ----------------------------------------------------------------------

==============================================================================


      Code (inc. data)   RO Data    RW Data    ZI Data      Debug   

      5500        872         32         52       1124       9747   Grand Totals
      5500        872         32         52       1124       9747   ELF Image Totals
      5500        872         32         52          0          0   ROM Totals

==============================================================================

    Total RO  Size (Code + RO Data)                 5532 (   5.40kB)
    Total RW  Size (RW Data + ZI Data)              1176 (   1.15kB)
    Total ROM Size (Code + RO Data + RW Data)       5584 (   5.45kB)

==============================================================================

