<html>
<body>
<pre>
<h1>µVision Build Log</h1>
<h2>Project:</h2>
E:\graduation project crap\accelerometer\accelrometer.uvproj
Project File Date:  02/09/2017

<h2>Output:</h2>
Rebuild target 'Target 1'
assembling Startup.s...
compiling main.c...
main.c(31): warning:  #1-D: last line of file ends without a newline
  }
main.c: 1 warning, 0 errors
linking...
Program Size: Code=1100 RO-data=16 RW-data=0 ZI-data=1120  
".\accelrometer.axf" - 0 Error(s), 1 Warning(s).
Load "E:\\graduation project crap\\accelerometer\\accelrometer.axf" 
Connecting: Mode=JTAG, Speed=1000000Hz
Erase Done.
Programming Done.
Verify OK.
</pre>
</body>
</html>
ct crap\\accelerometer\\accelrometer.axf" 
Connecting: Mode=JTAG, Speed=1000000Hz
Erase Done.
Programming Done.
Verify OK.
Clean started: Project: 'accelrometer'
   deleting intermediate output files for target 'Target 1'
